---
source: components/calendar/tests/date_addition_snapshot.rs
expression: output
---
2023-1-1
  Iso (start: Date(2023-1-1, default era, for calendar AnyCalendar (Iso)))
    +10d → Date(2023-1-11, default era, for calendar AnyCalendar (Iso))
    +2m → Date(2023-3-1, default era, for calendar AnyCalendar (Iso))
    +1y → Date(2024-1-1, default era, for calendar AnyCalendar (Iso))
    +1y 3m 15d → Date(2024-4-16, default era, for calendar AnyCalendar (Iso))
  Gregorian (start: Date(2023-1-1, ce era, for calendar AnyCalendar (Gregorian)))
    +10d → Date(2023-1-11, ce era, for calendar AnyCalendar (Gregorian))
    +2m → Date(2023-3-1, ce era, for calendar AnyCalendar (Gregorian))
    +1y → Date(2024-1-1, ce era, for calendar AnyCalendar (Gregorian))
    +1y 3m 15d → Date(2024-4-16, ce era, for calendar AnyCalendar (Gregorian))
  Buddhist (start: Date(2566-1-1, be era, for calendar AnyCalendar (Buddhist)))
    +10d → Date(2566-1-11, be era, for calendar AnyCalendar (Buddhist))
    +2m → Date(2566-3-1, be era, for calendar AnyCalendar (Buddhist))
    +1y → Date(2567-1-1, be era, for calendar AnyCalendar (Buddhist))
    +1y 3m 15d → Date(2567-4-16, be era, for calendar AnyCalendar (Buddhist))
  Chinese (start: Date(39-12-10, ISO year 2022, for calendar AnyCalendar (Chinese)))
    +10d → Date(39-12-20, ISO year 2022, for calendar AnyCalendar (Chinese))
    +2m → Date(40-2-10, ISO year 2023, for calendar AnyCalendar (Chinese))
    +1y → Date(40-13-10, ISO year 2023, for calendar AnyCalendar (Chinese))
    +1y 3m 15d → Date(41-3-25, ISO year 2024, for calendar AnyCalendar (Chinese))
  Coptic (start: Date(1739-4-23, am era, for calendar AnyCalendar (Coptic)))
    +10d → Date(1739-5-3, am era, for calendar AnyCalendar (Coptic))
    +2m → Date(1739-6-23, am era, for calendar AnyCalendar (Coptic))
    +1y → Date(1740-4-23, am era, for calendar AnyCalendar (Coptic))
    +1y 3m 15d → Date(1740-8-8, am era, for calendar AnyCalendar (Coptic))
  Dangi (start: Date(39-12-10, ISO year 2022, for calendar AnyCalendar (Dangi)))
    +10d → Date(39-12-20, ISO year 2022, for calendar AnyCalendar (Dangi))
    +2m → Date(40-2-10, ISO year 2023, for calendar AnyCalendar (Dangi))
    +1y → Date(40-13-10, ISO year 2023, for calendar AnyCalendar (Dangi))
    +1y 3m 15d → Date(41-3-25, ISO year 2024, for calendar AnyCalendar (Dangi))
  Ethiopian (start: Date(2015-4-23, am era, for calendar AnyCalendar (Ethiopian, Amete Miret)))
    +10d → Date(2015-5-3, am era, for calendar AnyCalendar (Ethiopian, Amete Miret))
    +2m → Date(2015-6-23, am era, for calendar AnyCalendar (Ethiopian, Amete Miret))
    +1y → Date(2016-4-23, am era, for calendar AnyCalendar (Ethiopian, Amete Miret))
    +1y 3m 15d → Date(2016-8-8, am era, for calendar AnyCalendar (Ethiopian, Amete Miret))
  EthiopianAmeteAlem (start: Date(7515-4-23, aa era, for calendar AnyCalendar (Ethiopian, Amete Alem)))
    +10d → Date(7515-5-3, aa era, for calendar AnyCalendar (Ethiopian, Amete Alem))
    +2m → Date(7515-6-23, aa era, for calendar AnyCalendar (Ethiopian, Amete Alem))
    +1y → Date(7516-4-23, aa era, for calendar AnyCalendar (Ethiopian, Amete Alem))
    +1y 3m 15d → Date(7516-8-8, aa era, for calendar AnyCalendar (Ethiopian, Amete Alem))
  Hebrew (start: Date(5783-4-8, am era, for calendar AnyCalendar (Hebrew)))
    +10d → Date(5783-4-18, am era, for calendar AnyCalendar (Hebrew))
    +2m → Date(5783-6-8, am era, for calendar AnyCalendar (Hebrew))
    +1y → Date(5784-4-8, am era, for calendar AnyCalendar (Hebrew))
    +1y 3m 15d → Date(5784-7-23, am era, for calendar AnyCalendar (Hebrew))
  HijriSimulatedMecca (start: Date(1444-6-8, ah era, for calendar AnyCalendar (Hijri, simulated Mecca)))
    +10d → Date(1444-6-18, ah era, for calendar AnyCalendar (Hijri, simulated Mecca))
    +2m → Date(1444-8-8, ah era, for calendar AnyCalendar (Hijri, simulated Mecca))
    +1y → Date(1445-6-8, ah era, for calendar AnyCalendar (Hijri, simulated Mecca))
    +1y 3m 15d → Date(1445-9-23, ah era, for calendar AnyCalendar (Hijri, simulated Mecca))
  HijriTabularTypeIIFriday (start: Date(1444-6-8, ah era, for calendar AnyCalendar (Hijri, tabular, type II leap years, Friday epoch)))
    +10d → Date(1444-6-18, ah era, for calendar AnyCalendar (Hijri, tabular, type II leap years, Friday epoch))
    +2m → Date(1444-8-8, ah era, for calendar AnyCalendar (Hijri, tabular, type II leap years, Friday epoch))
    +1y → Date(1445-6-8, ah era, for calendar AnyCalendar (Hijri, tabular, type II leap years, Friday epoch))
    +1y 3m 15d → Date(1445-9-23, ah era, for calendar AnyCalendar (Hijri, tabular, type II leap years, Friday epoch))
  HijriTabularTypeIIThursday (start: Date(1444-6-9, ah era, for calendar AnyCalendar (Hijri, tabular, type II leap years, Thursday epoch)))
    +10d → Date(1444-6-19, ah era, for calendar AnyCalendar (Hijri, tabular, type II leap years, Thursday epoch))
    +2m → Date(1444-8-9, ah era, for calendar AnyCalendar (Hijri, tabular, type II leap years, Thursday epoch))
    +1y → Date(1445-6-9, ah era, for calendar AnyCalendar (Hijri, tabular, type II leap years, Thursday epoch))
    +1y 3m 15d → Date(1445-9-24, ah era, for calendar AnyCalendar (Hijri, tabular, type II leap years, Thursday epoch))
  HijriUmmAlQura (start: Date(1444-6-8, ah era, for calendar AnyCalendar (Hijri, Umm al-Qura)))
    +10d → Date(1444-6-18, ah era, for calendar AnyCalendar (Hijri, Umm al-Qura))
    +2m → Date(1444-8-8, ah era, for calendar AnyCalendar (Hijri, Umm al-Qura))
    +1y → Date(1445-6-8, ah era, for calendar AnyCalendar (Hijri, Umm al-Qura))
    +1y 3m 15d → Date(1445-9-23, ah era, for calendar AnyCalendar (Hijri, Umm al-Qura))
  Indian (start: Date(1944-10-11, shaka era, for calendar AnyCalendar (Indian)))
    +10d → Date(1944-10-21, shaka era, for calendar AnyCalendar (Indian))
    +2m → Date(1944-12-11, shaka era, for calendar AnyCalendar (Indian))
    +1y → Date(1945-10-11, shaka era, for calendar AnyCalendar (Indian))
    +1y 3m 15d → Date(1946-1-26, shaka era, for calendar AnyCalendar (Indian))
  Japanese (start: Date(5-1-1, reiwa era, for calendar AnyCalendar (Japanese)))
    +10d → Date(5-1-11, reiwa era, for calendar AnyCalendar (Japanese))
    +2m → Date(5-3-1, reiwa era, for calendar AnyCalendar (Japanese))
    +1y → Date(6-1-1, reiwa era, for calendar AnyCalendar (Japanese))
    +1y 3m 15d → Date(6-4-16, reiwa era, for calendar AnyCalendar (Japanese))
  JapaneseExtended (start: Date(5-1-1, reiwa era, for calendar AnyCalendar (Japanese, historical era data)))
    +10d → Date(5-1-11, reiwa era, for calendar AnyCalendar (Japanese, historical era data))
    +2m → Date(5-3-1, reiwa era, for calendar AnyCalendar (Japanese, historical era data))
    +1y → Date(6-1-1, reiwa era, for calendar AnyCalendar (Japanese, historical era data))
    +1y 3m 15d → Date(6-4-16, reiwa era, for calendar AnyCalendar (Japanese, historical era data))
  Persian (start: Date(1401-10-11, ap era, for calendar AnyCalendar (Persian)))
    +10d → Date(1401-10-21, ap era, for calendar AnyCalendar (Persian))
    +2m → Date(1401-12-11, ap era, for calendar AnyCalendar (Persian))
    +1y → Date(1402-10-11, ap era, for calendar AnyCalendar (Persian))
    +1y 3m 15d → Date(1403-1-26, ap era, for calendar AnyCalendar (Persian))
  Roc (start: Date(112-1-1, roc era, for calendar AnyCalendar (Roc)))
    +10d → Date(112-1-11, roc era, for calendar AnyCalendar (Roc))
    +2m → Date(112-3-1, roc era, for calendar AnyCalendar (Roc))
    +1y → Date(113-1-1, roc era, for calendar AnyCalendar (Roc))
    +1y 3m 15d → Date(113-4-16, roc era, for calendar AnyCalendar (Roc))

2024-6-15
  Iso (start: Date(2024-6-15, default era, for calendar AnyCalendar (Iso)))
    +10d → Date(2024-6-25, default era, for calendar AnyCalendar (Iso))
    +2m → Date(2024-8-15, default era, for calendar AnyCalendar (Iso))
    +1y → Date(2025-6-15, default era, for calendar AnyCalendar (Iso))
    +1y 3m 15d → Date(2025-9-30, default era, for calendar AnyCalendar (Iso))
  Gregorian (start: Date(2024-6-15, ce era, for calendar AnyCalendar (Gregorian)))
    +10d → Date(2024-6-25, ce era, for calendar AnyCalendar (Gregorian))
    +2m → Date(2024-8-15, ce era, for calendar AnyCalendar (Gregorian))
    +1y → Date(2025-6-15, ce era, for calendar AnyCalendar (Gregorian))
    +1y 3m 15d → Date(2025-9-30, ce era, for calendar AnyCalendar (Gregorian))
  Buddhist (start: Date(2567-6-15, be era, for calendar AnyCalendar (Buddhist)))
    +10d → Date(2567-6-25, be era, for calendar AnyCalendar (Buddhist))
    +2m → Date(2567-8-15, be era, for calendar AnyCalendar (Buddhist))
    +1y → Date(2568-6-15, be era, for calendar AnyCalendar (Buddhist))
    +1y 3m 15d → Date(2568-9-30, be era, for calendar AnyCalendar (Buddhist))
  Chinese (start: Date(41-5-10, ISO year 2024, for calendar AnyCalendar (Chinese)))
    +10d → Date(41-5-20, ISO year 2024, for calendar AnyCalendar (Chinese))
    +2m → Date(41-7-10, ISO year 2024, for calendar AnyCalendar (Chinese))
    +1y → Date(42-5-10, ISO year 2025, for calendar AnyCalendar (Chinese))
    +1y 3m 15d → Date(42-8-25, ISO year 2025, for calendar AnyCalendar (Chinese))
  Coptic (start: Date(1740-10-8, am era, for calendar AnyCalendar (Coptic)))
    +10d → Date(1740-10-18, am era, for calendar AnyCalendar (Coptic))
    +2m → Date(1740-12-8, am era, for calendar AnyCalendar (Coptic))
    +1y → Date(1741-10-8, am era, for calendar AnyCalendar (Coptic))
    +1y 3m 15d → Date(1742-1-15, am era, for calendar AnyCalendar (Coptic))
  Dangi (start: Date(41-5-10, ISO year 2024, for calendar AnyCalendar (Dangi)))
    +10d → Date(41-5-20, ISO year 2024, for calendar AnyCalendar (Dangi))
    +2m → Date(41-7-10, ISO year 2024, for calendar AnyCalendar (Dangi))
    +1y → Date(42-5-10, ISO year 2025, for calendar AnyCalendar (Dangi))
    +1y 3m 15d → Date(42-8-25, ISO year 2025, for calendar AnyCalendar (Dangi))
  Ethiopian (start: Date(2016-10-8, am era, for calendar AnyCalendar (Ethiopian, Amete Miret)))
    +10d → Date(2016-10-18, am era, for calendar AnyCalendar (Ethiopian, Amete Miret))
    +2m → Date(2016-12-8, am era, for calendar AnyCalendar (Ethiopian, Amete Miret))
    +1y → Date(2017-10-8, am era, for calendar AnyCalendar (Ethiopian, Amete Miret))
    +1y 3m 15d → Date(2018-1-15, am era, for calendar AnyCalendar (Ethiopian, Amete Miret))
  EthiopianAmeteAlem (start: Date(7516-10-8, aa era, for calendar AnyCalendar (Ethiopian, Amete Alem)))
    +10d → Date(7516-10-18, aa era, for calendar AnyCalendar (Ethiopian, Amete Alem))
    +2m → Date(7516-12-8, aa era, for calendar AnyCalendar (Ethiopian, Amete Alem))
    +1y → Date(7517-10-8, aa era, for calendar AnyCalendar (Ethiopian, Amete Alem))
    +1y 3m 15d → Date(7518-1-15, aa era, for calendar AnyCalendar (Ethiopian, Amete Alem))
  Hebrew (start: Date(5784-10-9, am era, for calendar AnyCalendar (Hebrew)))
    +10d → Date(5784-10-19, am era, for calendar AnyCalendar (Hebrew))
    +2m → Date(5784-12-9, am era, for calendar AnyCalendar (Hebrew))
    +1y → Date(5785-9-9, am era, for calendar AnyCalendar (Hebrew))
    +1y 3m 15d → Date(5785-12-24, am era, for calendar AnyCalendar (Hebrew))
  HijriSimulatedMecca (start: Date(1445-12-8, ah era, for calendar AnyCalendar (Hijri, simulated Mecca)))
    +10d → Date(1445-12-18, ah era, for calendar AnyCalendar (Hijri, simulated Mecca))
    +2m → Date(1446-2-8, ah era, for calendar AnyCalendar (Hijri, simulated Mecca))
    +1y → Date(1446-12-8, ah era, for calendar AnyCalendar (Hijri, simulated Mecca))
    +1y 3m 15d → Date(1447-3-23, ah era, for calendar AnyCalendar (Hijri, simulated Mecca))
  HijriTabularTypeIIFriday (start: Date(1445-12-8, ah era, for calendar AnyCalendar (Hijri, tabular, type II leap years, Friday epoch)))
    +10d → Date(1445-12-18, ah era, for calendar AnyCalendar (Hijri, tabular, type II leap years, Friday epoch))
    +2m → Date(1446-2-8, ah era, for calendar AnyCalendar (Hijri, tabular, type II leap years, Friday epoch))
    +1y → Date(1446-12-8, ah era, for calendar AnyCalendar (Hijri, tabular, type II leap years, Friday epoch))
    +1y 3m 15d → Date(1447-3-23, ah era, for calendar AnyCalendar (Hijri, tabular, type II leap years, Friday epoch))
  HijriTabularTypeIIThursday (start: Date(1445-12-9, ah era, for calendar AnyCalendar (Hijri, tabular, type II leap years, Thursday epoch)))
    +10d → Date(1445-12-19, ah era, for calendar AnyCalendar (Hijri, tabular, type II leap years, Thursday epoch))
    +2m → Date(1446-2-9, ah era, for calendar AnyCalendar (Hijri, tabular, type II leap years, Thursday epoch))
    +1y → Date(1446-12-9, ah era, for calendar AnyCalendar (Hijri, tabular, type II leap years, Thursday epoch))
    +1y 3m 15d → Date(1447-3-24, ah era, for calendar AnyCalendar (Hijri, tabular, type II leap years, Thursday epoch))
  HijriUmmAlQura (start: Date(1445-12-9, ah era, for calendar AnyCalendar (Hijri, Umm al-Qura)))
    +10d → Date(1445-12-19, ah era, for calendar AnyCalendar (Hijri, Umm al-Qura))
    +2m → Date(1446-2-9, ah era, for calendar AnyCalendar (Hijri, Umm al-Qura))
    +1y → Date(1446-12-9, ah era, for calendar AnyCalendar (Hijri, Umm al-Qura))
    +1y 3m 15d → Date(1447-3-24, ah era, for calendar AnyCalendar (Hijri, Umm al-Qura))
  Indian (start: Date(1946-3-25, shaka era, for calendar AnyCalendar (Indian)))
    +10d → Date(1946-4-4, shaka era, for calendar AnyCalendar (Indian))
    +2m → Date(1946-5-25, shaka era, for calendar AnyCalendar (Indian))
    +1y → Date(1947-3-25, shaka era, for calendar AnyCalendar (Indian))
    +1y 3m 15d → Date(1947-7-9, shaka era, for calendar AnyCalendar (Indian))
  Japanese (start: Date(6-6-15, reiwa era, for calendar AnyCalendar (Japanese)))
    +10d → Date(6-6-25, reiwa era, for calendar AnyCalendar (Japanese))
    +2m → Date(6-8-15, reiwa era, for calendar AnyCalendar (Japanese))
    +1y → Date(7-6-15, reiwa era, for calendar AnyCalendar (Japanese))
    +1y 3m 15d → Date(7-9-30, reiwa era, for calendar AnyCalendar (Japanese))
  JapaneseExtended (start: Date(6-6-15, reiwa era, for calendar AnyCalendar (Japanese, historical era data)))
    +10d → Date(6-6-25, reiwa era, for calendar AnyCalendar (Japanese, historical era data))
    +2m → Date(6-8-15, reiwa era, for calendar AnyCalendar (Japanese, historical era data))
    +1y → Date(7-6-15, reiwa era, for calendar AnyCalendar (Japanese, historical era data))
    +1y 3m 15d → Date(7-9-30, reiwa era, for calendar AnyCalendar (Japanese, historical era data))
  Persian (start: Date(1403-3-26, ap era, for calendar AnyCalendar (Persian)))
    +10d → Date(1403-4-5, ap era, for calendar AnyCalendar (Persian))
    +2m → Date(1403-5-26, ap era, for calendar AnyCalendar (Persian))
    +1y → Date(1404-3-26, ap era, for calendar AnyCalendar (Persian))
    +1y 3m 15d → Date(1404-7-10, ap era, for calendar AnyCalendar (Persian))
  Roc (start: Date(113-6-15, roc era, for calendar AnyCalendar (Roc)))
    +10d → Date(113-6-25, roc era, for calendar AnyCalendar (Roc))
    +2m → Date(113-8-15, roc era, for calendar AnyCalendar (Roc))
    +1y → Date(114-6-15, roc era, for calendar AnyCalendar (Roc))
    +1y 3m 15d → Date(114-9-30, roc era, for calendar AnyCalendar (Roc))

2025-12-31
  Iso (start: Date(2025-12-31, default era, for calendar AnyCalendar (Iso)))
    +10d → Date(2026-1-10, default era, for calendar AnyCalendar (Iso))
    +2m → Date(2026-2-28, default era, for calendar AnyCalendar (Iso))
    +1y → Date(2026-12-31, default era, for calendar AnyCalendar (Iso))
    +1y 3m 15d → Date(2027-4-15, default era, for calendar AnyCalendar (Iso))
  Gregorian (start: Date(2025-12-31, ce era, for calendar AnyCalendar (Gregorian)))
    +10d → Date(2026-1-10, ce era, for calendar AnyCalendar (Gregorian))
    +2m → Date(2026-2-28, ce era, for calendar AnyCalendar (Gregorian))
    +1y → Date(2026-12-31, ce era, for calendar AnyCalendar (Gregorian))
    +1y 3m 15d → Date(2027-4-15, ce era, for calendar AnyCalendar (Gregorian))
  Buddhist (start: Date(2568-12-31, be era, for calendar AnyCalendar (Buddhist)))
    +10d → Date(2569-1-10, be era, for calendar AnyCalendar (Buddhist))
    +2m → Date(2569-2-28, be era, for calendar AnyCalendar (Buddhist))
    +1y → Date(2569-12-31, be era, for calendar AnyCalendar (Buddhist))
    +1y 3m 15d → Date(2570-4-15, be era, for calendar AnyCalendar (Buddhist))
  Chinese (start: Date(42-12-12, ISO year 2025, for calendar AnyCalendar (Chinese)))
    +10d → Date(42-12-22, ISO year 2025, for calendar AnyCalendar (Chinese))
    +2m → Date(43-1-12, ISO year 2026, for calendar AnyCalendar (Chinese))
    +1y → Date(43-11-12, ISO year 2026, for calendar AnyCalendar (Chinese))
    +1y 3m 15d → Date(44-2-27, ISO year 2027, for calendar AnyCalendar (Chinese))
  Coptic (start: Date(1742-4-22, am era, for calendar AnyCalendar (Coptic)))
    +10d → Date(1742-5-2, am era, for calendar AnyCalendar (Coptic))
    +2m → Date(1742-6-22, am era, for calendar AnyCalendar (Coptic))
    +1y → Date(1743-4-22, am era, for calendar AnyCalendar (Coptic))
    +1y 3m 15d → Date(1743-8-7, am era, for calendar AnyCalendar (Coptic))
  Dangi (start: Date(42-12-12, ISO year 2025, for calendar AnyCalendar (Dangi)))
    +10d → Date(42-12-22, ISO year 2025, for calendar AnyCalendar (Dangi))
    +2m → Date(43-1-12, ISO year 2026, for calendar AnyCalendar (Dangi))
    +1y → Date(43-11-12, ISO year 2026, for calendar AnyCalendar (Dangi))
    +1y 3m 15d → Date(44-2-27, ISO year 2027, for calendar AnyCalendar (Dangi))
  Ethiopian (start: Date(2018-4-22, am era, for calendar AnyCalendar (Ethiopian, Amete Miret)))
    +10d → Date(2018-5-2, am era, for calendar AnyCalendar (Ethiopian, Amete Miret))
    +2m → Date(2018-6-22, am era, for calendar AnyCalendar (Ethiopian, Amete Miret))
    +1y → Date(2019-4-22, am era, for calendar AnyCalendar (Ethiopian, Amete Miret))
    +1y 3m 15d → Date(2019-8-7, am era, for calendar AnyCalendar (Ethiopian, Amete Miret))
  EthiopianAmeteAlem (start: Date(7518-4-22, aa era, for calendar AnyCalendar (Ethiopian, Amete Alem)))
    +10d → Date(7518-5-2, aa era, for calendar AnyCalendar (Ethiopian, Amete Alem))
    +2m → Date(7518-6-22, aa era, for calendar AnyCalendar (Ethiopian, Amete Alem))
    +1y → Date(7519-4-22, aa era, for calendar AnyCalendar (Ethiopian, Amete Alem))
    +1y 3m 15d → Date(7519-8-7, aa era, for calendar AnyCalendar (Ethiopian, Amete Alem))
  Hebrew (start: Date(5786-4-11, am era, for calendar AnyCalendar (Hebrew)))
    +10d → Date(5786-4-21, am era, for calendar AnyCalendar (Hebrew))
    +2m → Date(5786-6-11, am era, for calendar AnyCalendar (Hebrew))
    +1y → Date(5787-4-11, am era, for calendar AnyCalendar (Hebrew))
    +1y 3m 15d → Date(5787-7-26, am era, for calendar AnyCalendar (Hebrew))
  HijriSimulatedMecca (start: Date(1447-7-10, ah era, for calendar AnyCalendar (Hijri, simulated Mecca)))
    +10d → Date(1447-7-20, ah era, for calendar AnyCalendar (Hijri, simulated Mecca))
    +2m → Date(1447-9-10, ah era, for calendar AnyCalendar (Hijri, simulated Mecca))
    +1y → Date(1448-7-10, ah era, for calendar AnyCalendar (Hijri, simulated Mecca))
    +1y 3m 15d → Date(1448-10-25, ah era, for calendar AnyCalendar (Hijri, simulated Mecca))
  HijriTabularTypeIIFriday (start: Date(1447-7-11, ah era, for calendar AnyCalendar (Hijri, tabular, type II leap years, Friday epoch)))
    +10d → Date(1447-7-21, ah era, for calendar AnyCalendar (Hijri, tabular, type II leap years, Friday epoch))
    +2m → Date(1447-9-11, ah era, for calendar AnyCalendar (Hijri, tabular, type II leap years, Friday epoch))
    +1y → Date(1448-7-11, ah era, for calendar AnyCalendar (Hijri, tabular, type II leap years, Friday epoch))
    +1y 3m 15d → Date(1448-10-26, ah era, for calendar AnyCalendar (Hijri, tabular, type II leap years, Friday epoch))
  HijriTabularTypeIIThursday (start: Date(1447-7-12, ah era, for calendar AnyCalendar (Hijri, tabular, type II leap years, Thursday epoch)))
    +10d → Date(1447-7-22, ah era, for calendar AnyCalendar (Hijri, tabular, type II leap years, Thursday epoch))
    +2m → Date(1447-9-12, ah era, for calendar AnyCalendar (Hijri, tabular, type II leap years, Thursday epoch))
    +1y → Date(1448-7-12, ah era, for calendar AnyCalendar (Hijri, tabular, type II leap years, Thursday epoch))
    +1y 3m 15d → Date(1448-10-27, ah era, for calendar AnyCalendar (Hijri, tabular, type II leap years, Thursday epoch))
  HijriUmmAlQura (start: Date(1447-7-11, ah era, for calendar AnyCalendar (Hijri, Umm al-Qura)))
    +10d → Date(1447-7-21, ah era, for calendar AnyCalendar (Hijri, Umm al-Qura))
    +2m → Date(1447-9-11, ah era, for calendar AnyCalendar (Hijri, Umm al-Qura))
    +1y → Date(1448-7-11, ah era, for calendar AnyCalendar (Hijri, Umm al-Qura))
    +1y 3m 15d → Date(1448-10-26, ah era, for calendar AnyCalendar (Hijri, Umm al-Qura))
  Indian (start: Date(1947-10-10, shaka era, for calendar AnyCalendar (Indian)))
    +10d → Date(1947-10-20, shaka era, for calendar AnyCalendar (Indian))
    +2m → Date(1947-12-10, shaka era, for calendar AnyCalendar (Indian))
    +1y → Date(1948-10-10, shaka era, for calendar AnyCalendar (Indian))
    +1y 3m 15d → Date(1949-1-25, shaka era, for calendar AnyCalendar (Indian))
  Japanese (start: Date(7-12-31, reiwa era, for calendar AnyCalendar (Japanese)))
    +10d → Date(8-1-10, reiwa era, for calendar AnyCalendar (Japanese))
    +2m → Date(8-2-28, reiwa era, for calendar AnyCalendar (Japanese))
    +1y → Date(8-12-31, reiwa era, for calendar AnyCalendar (Japanese))
    +1y 3m 15d → Date(9-4-15, reiwa era, for calendar AnyCalendar (Japanese))
  JapaneseExtended (start: Date(7-12-31, reiwa era, for calendar AnyCalendar (Japanese, historical era data)))
    +10d → Date(8-1-10, reiwa era, for calendar AnyCalendar (Japanese, historical era data))
    +2m → Date(8-2-28, reiwa era, for calendar AnyCalendar (Japanese, historical era data))
    +1y → Date(8-12-31, reiwa era, for calendar AnyCalendar (Japanese, historical era data))
    +1y 3m 15d → Date(9-4-15, reiwa era, for calendar AnyCalendar (Japanese, historical era data))
  Persian (start: Date(1404-10-10, ap era, for calendar AnyCalendar (Persian)))
    +10d → Date(1404-10-20, ap era, for calendar AnyCalendar (Persian))
    +2m → Date(1404-12-10, ap era, for calendar AnyCalendar (Persian))
    +1y → Date(1405-10-10, ap era, for calendar AnyCalendar (Persian))
    +1y 3m 15d → Date(1406-1-25, ap era, for calendar AnyCalendar (Persian))
  Roc (start: Date(114-12-31, roc era, for calendar AnyCalendar (Roc)))
    +10d → Date(115-1-10, roc era, for calendar AnyCalendar (Roc))
    +2m → Date(115-2-28, roc era, for calendar AnyCalendar (Roc))
    +1y → Date(115-12-31, roc era, for calendar AnyCalendar (Roc))
    +1y 3m 15d → Date(116-4-15, roc era, for calendar AnyCalendar (Roc))
