---
source: components/calendar/tests/date_addition_snapshot.rs
expression: output
---
2023-1-1
  Iso (start: Date(2023-1-1, default era, for calendar AnyCalendar (Iso)))
    +10d → Date(2023-1-11, default era, for calendar ISO)
    +2m → Date(2023-3-1, default era, for calendar ISO)
    +1y → Date(2024-1-1, default era, for calendar ISO)
    +1y 3m 15d → Date(2024-4-16, default era, for calendar ISO)
  Gregorian (start: Date(2023-1-1, ce era, for calendar AnyCalendar (Gregorian)))
    +10d → Date(2023-1-11, default era, for calendar ISO)
    +2m → Date(2023-3-1, default era, for calendar ISO)
    +1y → Date(2024-1-1, default era, for calendar ISO)
    +1y 3m 15d → Date(2024-4-16, default era, for calendar ISO)
  Buddhist (start: Date(2566-1-1, be era, for calendar AnyCalendar (Buddhist)))
    +10d → Date(2023-1-11, default era, for calendar ISO)
    +2m → Date(2023-3-1, default era, for calendar ISO)
    +1y → Date(2024-1-1, default era, for calendar ISO)
    +1y 3m 15d → Date(2024-4-16, default era, for calendar ISO)
  Chinese (start: Date(39-12-10, ISO year 2022, for calendar AnyCalendar (Chinese)))
    +10d → Date(2023-1-11, default era, for calendar ISO)
    +2m → Date(2023-3-1, default era, for calendar ISO)
    +1y → Date(2024-1-20, default era, for calendar ISO)
    +1y 3m 15d → Date(2024-5-3, default era, for calendar ISO)
  Coptic (start: Date(1739-4-23, am era, for calendar AnyCalendar (Coptic)))
    +10d → Date(2023-1-11, default era, for calendar ISO)
    +2m → Date(2023-3-2, default era, for calendar ISO)
    +1y → Date(2024-1-2, default era, for calendar ISO)
    +1y 3m 15d → Date(2024-4-16, default era, for calendar ISO)
  Dangi (start: Date(39-12-10, ISO year 2022, for calendar AnyCalendar (Dangi)))
    +10d → Date(2023-1-11, default era, for calendar ISO)
    +2m → Date(2023-3-1, default era, for calendar ISO)
    +1y → Date(2024-1-20, default era, for calendar ISO)
    +1y 3m 15d → Date(2024-5-3, default era, for calendar ISO)
  Ethiopian (start: Date(2015-4-23, am era, for calendar AnyCalendar (Ethiopian, Amete Miret)))
    +10d → Date(2023-1-11, default era, for calendar ISO)
    +2m → Date(2023-3-2, default era, for calendar ISO)
    +1y → Date(2024-1-2, default era, for calendar ISO)
    +1y 3m 15d → Date(2024-4-16, default era, for calendar ISO)
  EthiopianAmeteAlem (start: Date(7515-4-23, aa era, for calendar AnyCalendar (Ethiopian, Amete Alem)))
    +10d → Date(2023-1-11, default era, for calendar ISO)
    +2m → Date(2023-3-2, default era, for calendar ISO)
    +1y → Date(2024-1-2, default era, for calendar ISO)
    +1y 3m 15d → Date(2024-4-16, default era, for calendar ISO)
  Hebrew (start: Date(5783-4-8, am era, for calendar AnyCalendar (Hebrew)))
    +10d → Date(2023-1-11, default era, for calendar ISO)
    +2m → Date(2023-3-1, default era, for calendar ISO)
    +1y → Date(2023-12-20, default era, for calendar ISO)
    +1y 3m 15d → Date(2024-4-2, default era, for calendar ISO)
  HijriSimulatedMecca (start: Date(1444-6-8, ah era, for calendar AnyCalendar (Hijri, simulated Mecca)))
    +10d → Date(2023-1-11, default era, for calendar ISO)
    +2m → Date(2023-3-1, default era, for calendar ISO)
    +1y → Date(2023-12-22, default era, for calendar ISO)
    +1y 3m 15d → Date(2024-4-3, default era, for calendar ISO)
  HijriTabularTypeIIFriday (start: Date(1444-6-8, ah era, for calendar AnyCalendar (Hijri, tabular, type II leap years, Friday epoch)))
    +10d → Date(2023-1-11, default era, for calendar ISO)
    +2m → Date(2023-3-1, default era, for calendar ISO)
    +1y → Date(2023-12-21, default era, for calendar ISO)
    +1y 3m 15d → Date(2024-4-2, default era, for calendar ISO)
  HijriTabularTypeIIThursday (start: Date(1444-6-9, ah era, for calendar AnyCalendar (Hijri, tabular, type II leap years, Thursday epoch)))
    +10d → Date(2023-1-11, default era, for calendar ISO)
    +2m → Date(2023-3-1, default era, for calendar ISO)
    +1y → Date(2023-12-21, default era, for calendar ISO)
    +1y 3m 15d → Date(2024-4-2, default era, for calendar ISO)
  HijriUmmAlQura (start: Date(1444-6-8, ah era, for calendar AnyCalendar (Hijri, Umm al-Qura)))
    +10d → Date(2023-1-11, default era, for calendar ISO)
    +2m → Date(2023-2-28, default era, for calendar ISO)
    +1y → Date(2023-12-21, default era, for calendar ISO)
    +1y 3m 15d → Date(2024-4-2, default era, for calendar ISO)
  Indian (start: Date(1944-10-11, shaka era, for calendar AnyCalendar (Indian)))
    +10d → Date(2023-1-11, default era, for calendar ISO)
    +2m → Date(2023-3-2, default era, for calendar ISO)
    +1y → Date(2024-1-1, default era, for calendar ISO)
    +1y 3m 15d → Date(2024-4-15, default era, for calendar ISO)
  Japanese (start: Date(5-1-1, reiwa era, for calendar AnyCalendar (Japanese)))
    +10d → Date(2023-1-11, default era, for calendar ISO)
    +2m → Date(2023-3-1, default era, for calendar ISO)
    +1y → Date(2024-1-1, default era, for calendar ISO)
    +1y 3m 15d → Date(2024-4-16, default era, for calendar ISO)
  JapaneseExtended (start: Date(5-1-1, reiwa era, for calendar AnyCalendar (Japanese, historical era data)))
    +10d → Date(2023-1-11, default era, for calendar ISO)
    +2m → Date(2023-3-1, default era, for calendar ISO)
    +1y → Date(2024-1-1, default era, for calendar ISO)
    +1y 3m 15d → Date(2024-4-16, default era, for calendar ISO)
  Persian (start: Date(1401-10-11, ap era, for calendar AnyCalendar (Persian)))
    +10d → Date(2023-1-11, default era, for calendar ISO)
    +2m → Date(2023-3-2, default era, for calendar ISO)
    +1y → Date(2024-1-1, default era, for calendar ISO)
    +1y 3m 15d → Date(2024-4-14, default era, for calendar ISO)
  Roc (start: Date(112-1-1, roc era, for calendar AnyCalendar (Roc)))
    +10d → Date(2023-1-11, default era, for calendar ISO)
    +2m → Date(2023-3-1, default era, for calendar ISO)
    +1y → Date(2024-1-1, default era, for calendar ISO)
    +1y 3m 15d → Date(2024-4-16, default era, for calendar ISO)

2024-6-15
  Iso (start: Date(2024-6-15, default era, for calendar AnyCalendar (Iso)))
    +10d → Date(2024-6-25, default era, for calendar ISO)
    +2m → Date(2024-8-15, default era, for calendar ISO)
    +1y → Date(2025-6-15, default era, for calendar ISO)
    +1y 3m 15d → Date(2025-9-30, default era, for calendar ISO)
  Gregorian (start: Date(2024-6-15, ce era, for calendar AnyCalendar (Gregorian)))
    +10d → Date(2024-6-25, default era, for calendar ISO)
    +2m → Date(2024-8-15, default era, for calendar ISO)
    +1y → Date(2025-6-15, default era, for calendar ISO)
    +1y 3m 15d → Date(2025-9-30, default era, for calendar ISO)
  Buddhist (start: Date(2567-6-15, be era, for calendar AnyCalendar (Buddhist)))
    +10d → Date(2024-6-25, default era, for calendar ISO)
    +2m → Date(2024-8-15, default era, for calendar ISO)
    +1y → Date(2025-6-15, default era, for calendar ISO)
    +1y 3m 15d → Date(2025-9-30, default era, for calendar ISO)
  Chinese (start: Date(41-5-10, ISO year 2024, for calendar AnyCalendar (Chinese)))
    +10d → Date(2024-6-25, default era, for calendar ISO)
    +2m → Date(2024-8-13, default era, for calendar ISO)
    +1y → Date(2025-6-5, default era, for calendar ISO)
    +1y 3m 15d → Date(2025-9-16, default era, for calendar ISO)
  Coptic (start: Date(1740-10-8, am era, for calendar AnyCalendar (Coptic)))
    +10d → Date(2024-6-25, default era, for calendar ISO)
    +2m → Date(2024-8-14, default era, for calendar ISO)
    +1y → Date(2025-6-15, default era, for calendar ISO)
    +1y 3m 15d → Date(2025-9-25, default era, for calendar ISO)
  Dangi (start: Date(41-5-10, ISO year 2024, for calendar AnyCalendar (Dangi)))
    +10d → Date(2024-6-25, default era, for calendar ISO)
    +2m → Date(2024-8-13, default era, for calendar ISO)
    +1y → Date(2025-6-5, default era, for calendar ISO)
    +1y 3m 15d → Date(2025-9-16, default era, for calendar ISO)
  Ethiopian (start: Date(2016-10-8, am era, for calendar AnyCalendar (Ethiopian, Amete Miret)))
    +10d → Date(2024-6-25, default era, for calendar ISO)
    +2m → Date(2024-8-14, default era, for calendar ISO)
    +1y → Date(2025-6-15, default era, for calendar ISO)
    +1y 3m 15d → Date(2025-9-25, default era, for calendar ISO)
  EthiopianAmeteAlem (start: Date(7516-10-8, aa era, for calendar AnyCalendar (Ethiopian, Amete Alem)))
    +10d → Date(2024-6-25, default era, for calendar ISO)
    +2m → Date(2024-8-14, default era, for calendar ISO)
    +1y → Date(2025-6-15, default era, for calendar ISO)
    +1y 3m 15d → Date(2025-9-25, default era, for calendar ISO)
  Hebrew (start: Date(5784-10-9, am era, for calendar AnyCalendar (Hebrew)))
    +10d → Date(2024-6-25, default era, for calendar ISO)
    +2m → Date(2024-8-13, default era, for calendar ISO)
    +1y → Date(2025-6-5, default era, for calendar ISO)
    +1y 3m 15d → Date(2025-9-17, default era, for calendar ISO)
  HijriSimulatedMecca (start: Date(1445-12-8, ah era, for calendar AnyCalendar (Hijri, simulated Mecca)))
    +10d → Date(2024-6-25, default era, for calendar ISO)
    +2m → Date(2024-8-13, default era, for calendar ISO)
    +1y → Date(2025-6-5, default era, for calendar ISO)
    +1y 3m 15d → Date(2025-9-16, default era, for calendar ISO)
  HijriTabularTypeIIFriday (start: Date(1445-12-8, ah era, for calendar AnyCalendar (Hijri, tabular, type II leap years, Friday epoch)))
    +10d → Date(2024-6-25, default era, for calendar ISO)
    +2m → Date(2024-8-14, default era, for calendar ISO)
    +1y → Date(2025-6-5, default era, for calendar ISO)
    +1y 3m 15d → Date(2025-9-16, default era, for calendar ISO)
  HijriTabularTypeIIThursday (start: Date(1445-12-9, ah era, for calendar AnyCalendar (Hijri, tabular, type II leap years, Thursday epoch)))
    +10d → Date(2024-6-25, default era, for calendar ISO)
    +2m → Date(2024-8-14, default era, for calendar ISO)
    +1y → Date(2025-6-5, default era, for calendar ISO)
    +1y 3m 15d → Date(2025-9-16, default era, for calendar ISO)
  HijriUmmAlQura (start: Date(1445-12-9, ah era, for calendar AnyCalendar (Hijri, Umm al-Qura)))
    +10d → Date(2024-6-25, default era, for calendar ISO)
    +2m → Date(2024-8-13, default era, for calendar ISO)
    +1y → Date(2025-6-5, default era, for calendar ISO)
    +1y 3m 15d → Date(2025-9-16, default era, for calendar ISO)
  Indian (start: Date(1946-3-25, shaka era, for calendar AnyCalendar (Indian)))
    +10d → Date(2024-6-25, default era, for calendar ISO)
    +2m → Date(2024-8-16, default era, for calendar ISO)
    +1y → Date(2025-6-15, default era, for calendar ISO)
    +1y 3m 15d → Date(2025-10-1, default era, for calendar ISO)
  Japanese (start: Date(6-6-15, reiwa era, for calendar AnyCalendar (Japanese)))
    +10d → Date(2024-6-25, default era, for calendar ISO)
    +2m → Date(2024-8-15, default era, for calendar ISO)
    +1y → Date(2025-6-15, default era, for calendar ISO)
    +1y 3m 15d → Date(2025-9-30, default era, for calendar ISO)
  JapaneseExtended (start: Date(6-6-15, reiwa era, for calendar AnyCalendar (Japanese, historical era data)))
    +10d → Date(2024-6-25, default era, for calendar ISO)
    +2m → Date(2024-8-15, default era, for calendar ISO)
    +1y → Date(2025-6-15, default era, for calendar ISO)
    +1y 3m 15d → Date(2025-9-30, default era, for calendar ISO)
  Persian (start: Date(1403-3-26, ap era, for calendar AnyCalendar (Persian)))
    +10d → Date(2024-6-25, default era, for calendar ISO)
    +2m → Date(2024-8-16, default era, for calendar ISO)
    +1y → Date(2025-6-16, default era, for calendar ISO)
    +1y 3m 15d → Date(2025-10-2, default era, for calendar ISO)
  Roc (start: Date(113-6-15, roc era, for calendar AnyCalendar (Roc)))
    +10d → Date(2024-6-25, default era, for calendar ISO)
    +2m → Date(2024-8-15, default era, for calendar ISO)
    +1y → Date(2025-6-15, default era, for calendar ISO)
    +1y 3m 15d → Date(2025-9-30, default era, for calendar ISO)

2025-12-31
  Iso (start: Date(2025-12-31, default era, for calendar AnyCalendar (Iso)))
    +10d → Date(2026-1-10, default era, for calendar ISO)
    +2m → Date(2026-2-28, default era, for calendar ISO)
    +1y → Date(2026-12-31, default era, for calendar ISO)
    +1y 3m 15d → Date(2027-4-15, default era, for calendar ISO)
  Gregorian (start: Date(2025-12-31, ce era, for calendar AnyCalendar (Gregorian)))
    +10d → Date(2026-1-10, default era, for calendar ISO)
    +2m → Date(2026-2-28, default era, for calendar ISO)
    +1y → Date(2026-12-31, default era, for calendar ISO)
    +1y 3m 15d → Date(2027-4-15, default era, for calendar ISO)
  Buddhist (start: Date(2568-12-31, be era, for calendar AnyCalendar (Buddhist)))
    +10d → Date(2026-1-10, default era, for calendar ISO)
    +2m → Date(2026-2-28, default era, for calendar ISO)
    +1y → Date(2026-12-31, default era, for calendar ISO)
    +1y 3m 15d → Date(2027-4-15, default era, for calendar ISO)
  Chinese (start: Date(42-12-12, ISO year 2025, for calendar AnyCalendar (Chinese)))
    +10d → Date(2026-1-10, default era, for calendar ISO)
    +2m → Date(2026-2-28, default era, for calendar ISO)
    +1y → Date(2026-12-20, default era, for calendar ISO)
    +1y 3m 15d → Date(2027-4-3, default era, for calendar ISO)
  Coptic (start: Date(1742-4-22, am era, for calendar AnyCalendar (Coptic)))
    +10d → Date(2026-1-10, default era, for calendar ISO)
    +2m → Date(2026-3-1, default era, for calendar ISO)
    +1y → Date(2026-12-31, default era, for calendar ISO)
    +1y 3m 15d → Date(2027-4-15, default era, for calendar ISO)
  Dangi (start: Date(42-12-12, ISO year 2025, for calendar AnyCalendar (Dangi)))
    +10d → Date(2026-1-10, default era, for calendar ISO)
    +2m → Date(2026-2-28, default era, for calendar ISO)
    +1y → Date(2026-12-20, default era, for calendar ISO)
    +1y 3m 15d → Date(2027-4-3, default era, for calendar ISO)
  Ethiopian (start: Date(2018-4-22, am era, for calendar AnyCalendar (Ethiopian, Amete Miret)))
    +10d → Date(2026-1-10, default era, for calendar ISO)
    +2m → Date(2026-3-1, default era, for calendar ISO)
    +1y → Date(2026-12-31, default era, for calendar ISO)
    +1y 3m 15d → Date(2027-4-15, default era, for calendar ISO)
  EthiopianAmeteAlem (start: Date(7518-4-22, aa era, for calendar AnyCalendar (Ethiopian, Amete Alem)))
    +10d → Date(2026-1-10, default era, for calendar ISO)
    +2m → Date(2026-3-1, default era, for calendar ISO)
    +1y → Date(2026-12-31, default era, for calendar ISO)
    +1y 3m 15d → Date(2027-4-15, default era, for calendar ISO)
  Hebrew (start: Date(5786-4-11, am era, for calendar AnyCalendar (Hebrew)))
    +10d → Date(2026-1-10, default era, for calendar ISO)
    +2m → Date(2026-2-28, default era, for calendar ISO)
    +1y → Date(2026-12-21, default era, for calendar ISO)
    +1y 3m 15d → Date(2027-4-4, default era, for calendar ISO)
  HijriSimulatedMecca (start: Date(1447-7-10, ah era, for calendar AnyCalendar (Hijri, simulated Mecca)))
    +10d → Date(2026-1-10, default era, for calendar ISO)
    +2m → Date(2026-2-28, default era, for calendar ISO)
    +1y → Date(2026-12-20, default era, for calendar ISO)
    +1y 3m 15d → Date(2027-4-3, default era, for calendar ISO)
  HijriTabularTypeIIFriday (start: Date(1447-7-11, ah era, for calendar AnyCalendar (Hijri, tabular, type II leap years, Friday epoch)))
    +10d → Date(2026-1-10, default era, for calendar ISO)
    +2m → Date(2026-2-28, default era, for calendar ISO)
    +1y → Date(2026-12-21, default era, for calendar ISO)
    +1y 3m 15d → Date(2027-4-4, default era, for calendar ISO)
  HijriTabularTypeIIThursday (start: Date(1447-7-12, ah era, for calendar AnyCalendar (Hijri, tabular, type II leap years, Thursday epoch)))
    +10d → Date(2026-1-10, default era, for calendar ISO)
    +2m → Date(2026-2-28, default era, for calendar ISO)
    +1y → Date(2026-12-21, default era, for calendar ISO)
    +1y 3m 15d → Date(2027-4-4, default era, for calendar ISO)
  HijriUmmAlQura (start: Date(1447-7-11, ah era, for calendar AnyCalendar (Hijri, Umm al-Qura)))
    +10d → Date(2026-1-10, default era, for calendar ISO)
    +2m → Date(2026-2-28, default era, for calendar ISO)
    +1y → Date(2026-12-20, default era, for calendar ISO)
    +1y 3m 15d → Date(2027-4-3, default era, for calendar ISO)
  Indian (start: Date(1947-10-10, shaka era, for calendar AnyCalendar (Indian)))
    +10d → Date(2026-1-10, default era, for calendar ISO)
    +2m → Date(2026-3-1, default era, for calendar ISO)
    +1y → Date(2026-12-31, default era, for calendar ISO)
    +1y 3m 15d → Date(2027-4-15, default era, for calendar ISO)
  Japanese (start: Date(7-12-31, reiwa era, for calendar AnyCalendar (Japanese)))
    +10d → Date(2026-1-10, default era, for calendar ISO)
    +2m → Date(2026-2-28, default era, for calendar ISO)
    +1y → Date(2026-12-31, default era, for calendar ISO)
    +1y 3m 15d → Date(2027-4-15, default era, for calendar ISO)
  JapaneseExtended (start: Date(7-12-31, reiwa era, for calendar AnyCalendar (Japanese, historical era data)))
    +10d → Date(2026-1-10, default era, for calendar ISO)
    +2m → Date(2026-2-28, default era, for calendar ISO)
    +1y → Date(2026-12-31, default era, for calendar ISO)
    +1y 3m 15d → Date(2027-4-15, default era, for calendar ISO)
  Persian (start: Date(1404-10-10, ap era, for calendar AnyCalendar (Persian)))
    +10d → Date(2026-1-10, default era, for calendar ISO)
    +2m → Date(2026-3-1, default era, for calendar ISO)
    +1y → Date(2026-12-31, default era, for calendar ISO)
    +1y 3m 15d → Date(2027-4-14, default era, for calendar ISO)
  Roc (start: Date(114-12-31, roc era, for calendar AnyCalendar (Roc)))
    +10d → Date(2026-1-10, default era, for calendar ISO)
    +2m → Date(2026-2-28, default era, for calendar ISO)
    +1y → Date(2026-12-31, default era, for calendar ISO)
    +1y 3m 15d → Date(2027-4-15, default era, for calendar ISO)
